// Jest Snapshot v1, https://goo.gl/fbAQLP

exports[`renders ./components/menu/demo/basic.md correctly 1`] = `
<div>
  <div
    class="am-flexbox am-filter am-flexbox-align-center"
  >
    <div
      class="am-flexbox-item custom-filter-item am-filter-item"
    >
      <div
        class="am-filter-label"
      >
        全部状态
      </div>
      <div
        class="am-filter-icon"
      >
        
      </div>
    </div>
  </div>
</div>
`;
