// Jest Snapshot v1, https://goo.gl/fbAQLP

exports[`SearchBar renders correctly 1`] = `
<form
  action="#"
  class="am-search"
>
  <div
    class="am-search-input"
  >
    <div
      class="am-search-synthetic-ph"
    >
      <i
        class="am-search-synthetic-ph-icon"
      />
    </div>
    <input
      class="am-search-value"
      placeholder="搜索"
      type="search"
      value=""
    />
    <a
      class="am-search-clear"
    />
  </div>
  <div
    class="am-search-cancel"
  >
    取消
  </div>
</form>
`;
